Partition Merge report for test
Sun Dec 26 11:46:18 2021
Quartus II 64-Bit Version 10.1 Build 153 11/29/2010 SJ Full Version


---------------------
; Table of Contents ;
---------------------
  1. Legal Notice
  2. Partition Merge Summary
  3. Partition Merge Netlist Types Used
  4. Partition Merge Partition Statistics
  5. Partition Merge Resource Usage Summary
  6. Partition Merge Messages



----------------
; Legal Notice ;
----------------
Copyright (C) 1991-2010 Altera Corporation
Your use of Altera Corporation's design tools, logic functions 
and other software and tools, and its AMPP partner logic 
functions, and any output files from any of the foregoing 
(including device programming or simulation files), and any 
associated documentation or information are expressly subject 
to the terms and conditions of the Altera Program License 
Subscription Agreement, Altera MegaCore Function License 
Agreement, or other applicable license agreement, including, 
without limitation, that your use is for the sole purpose of 
programming logic devices manufactured by Altera and sold by 
Altera or its authorized distributors.  Please refer to the 
applicable agreement for further details.



+--------------------------------------------------------------------------------+
; Partition Merge Summary                                                        ;
+------------------------------------+-------------------------------------------+
; Partition Merge Status             ; Successful - Sun Dec 26 11:46:18 2021     ;
; Quartus II 64-Bit Version          ; 10.1 Build 153 11/29/2010 SJ Full Version ;
; Revision Name                      ; test                                      ;
; Top-level Entity Name              ; cpu                                       ;
; Family                             ; Cyclone II                                ;
; Total logic elements               ; 0                                         ;
;     Total combinational functions  ; 0                                         ;
;     Dedicated logic registers      ; 0                                         ;
; Total registers                    ; 0                                         ;
; Total pins                         ; 49                                        ;
; Total virtual pins                 ; 0                                         ;
; Total memory bits                  ; 0                                         ;
; Embedded Multiplier 9-bit elements ; 0                                         ;
; Total PLLs                         ; 0                                         ;
+------------------------------------+-------------------------------------------+


+-------------------------------------------------------------------------------------------------------------------------------+
; Partition Merge Netlist Types Used                                                                                            ;
+--------------------------------+----------------+-------------------+------------------------+--------------------------------+
; Partition Name                 ; Partition Type ; Netlist Type Used ; Netlist Type Requested ; Partition Contents             ;
+--------------------------------+----------------+-------------------+------------------------+--------------------------------+
; Top                            ; User-created   ; Source File       ; Source File            ;                                ;
; hard_block:auto_generated_inst ; Auto-generated ; Source File       ; Source File            ; hard_block:auto_generated_inst ;
+--------------------------------+----------------+-------------------+------------------------+--------------------------------+


+------------------------------------------------------------------------------------+
; Partition Merge Partition Statistics                                               ;
+---------------------------------------------+-----+--------------------------------+
; Statistic                                   ; Top ; hard_block:auto_generated_inst ;
+---------------------------------------------+-----+--------------------------------+
; Estimated Total logic elements              ; 0   ; 0                              ;
;                                             ;     ;                                ;
; Total combinational functions               ; 0   ; 0                              ;
; Logic element usage by number of LUT inputs ;     ;                                ;
;     -- 4 input functions                    ; 0   ; 0                              ;
;     -- 3 input functions                    ; 0   ; 0                              ;
;     -- <=2 input functions                  ; 0   ; 0                              ;
;                                             ;     ;                                ;
; Logic elements by mode                      ;     ;                                ;
;     -- normal mode                          ; 0   ; 0                              ;
;     -- arithmetic mode                      ; 0   ; 0                              ;
;                                             ;     ;                                ;
; Total registers                             ; 0   ; 0                              ;
;     -- Dedicated logic registers            ; 0   ; 0                              ;
;     -- I/O registers                        ; 0   ; 0                              ;
;                                             ;     ;                                ;
; Virtual pins                                ; 0   ; 0                              ;
; I/O pins                                    ; 49  ; 0                              ;
; Embedded Multiplier 9-bit elements          ; 0   ; 0                              ;
; Total memory bits                           ; 0   ; 0                              ;
; Total RAM block bits                        ; 0   ; 0                              ;
;                                             ;     ;                                ;
; Connections                                 ;     ;                                ;
;     -- Input Connections                    ; 0   ; 0                              ;
;     -- Registered Input Connections         ; 0   ; 0                              ;
;     -- Output Connections                   ; 0   ; 0                              ;
;     -- Registered Output Connections        ; 0   ; 0                              ;
;                                             ;     ;                                ;
; Internal Connections                        ;     ;                                ;
;     -- Total Connections                    ; 2   ; 0                              ;
;     -- Registered Connections               ; 0   ; 0                              ;
;                                             ;     ;                                ;
; External Connections                        ;     ;                                ;
;     -- Top                                  ; 0   ; 0                              ;
;     -- hard_block:auto_generated_inst       ; 0   ; 0                              ;
;                                             ;     ;                                ;
; Partition Interface                         ;     ;                                ;
;     -- Input Ports                          ; 23  ; 0                              ;
;     -- Output Ports                         ; 26  ; 0                              ;
;     -- Bidir Ports                          ; 0   ; 0                              ;
;                                             ;     ;                                ;
; Registered Ports                            ;     ;                                ;
;     -- Registered Input Ports               ; 0   ; 0                              ;
;     -- Registered Output Ports              ; 0   ; 0                              ;
;                                             ;     ;                                ;
; Port Connectivity                           ;     ;                                ;
;     -- Input Ports driven by GND            ; 0   ; 0                              ;
;     -- Output Ports driven by GND           ; 0   ; 0                              ;
;     -- Input Ports driven by VCC            ; 0   ; 0                              ;
;     -- Output Ports driven by VCC           ; 0   ; 0                              ;
;     -- Input Ports with no Source           ; 0   ; 0                              ;
;     -- Output Ports with no Source          ; 0   ; 0                              ;
;     -- Input Ports with no Fanout           ; 0   ; 0                              ;
;     -- Output Ports with no Fanout          ; 0   ; 0                              ;
+---------------------------------------------+-----+--------------------------------+
Note: Resource usage numbers presented for Partitions containing post-synthesis logic are estimates.  For Partitions containing post-fit logic, resource usage numbers are accurate based on previous placement information.  Actual Fitter results may vary depending on current Fitter Preservation Level assignments.


+------------------------------------------------------------+
; Partition Merge Resource Usage Summary                     ;
+---------------------------------------------+--------------+
; Resource                                    ; Usage        ;
+---------------------------------------------+--------------+
;                                             ;              ;
; Total combinational functions               ; 0            ;
; Logic element usage by number of LUT inputs ;              ;
;     -- 4 input functions                    ; 0            ;
;     -- 3 input functions                    ; 0            ;
;     -- <=2 input functions                  ; 0            ;
;                                             ;              ;
; Logic elements by mode                      ;              ;
;     -- normal mode                          ; 0            ;
;     -- arithmetic mode                      ; 0            ;
;                                             ;              ;
; Total registers                             ; 0            ;
;     -- Dedicated logic registers            ; 0            ;
;     -- I/O registers                        ; 0            ;
;                                             ;              ;
; I/O pins                                    ; 49           ;
; Maximum fan-out node                        ; sw_code_edit ;
; Maximum fan-out                             ; 1            ;
; Total fan-out                               ; 2            ;
; Average fan-out                             ; 0.04         ;
+---------------------------------------------+--------------+


+--------------------------+
; Partition Merge Messages ;
+--------------------------+
Info: *******************************************************************
Info: Running Quartus II 64-Bit Partition Merge
    Info: Version 10.1 Build 153 11/29/2010 SJ Full Version
    Info: Processing started: Sun Dec 26 11:46:17 2021
Info: Command: quartus_cdb --read_settings_files=on --write_settings_files=off test -c test --merge=on
Info: Using synthesis netlist for partition "Top"
Info: Resolved and merged 1 partition(s)
Info: Generating hard_block partition "hard_block:auto_generated_inst"
Warning: Design contains 21 input pin(s) that do not drive logic
    Warning (15610): No output dependent on input pin "clock_50MHz"
    Warning (15610): No output dependent on input pin "sw[0]"
    Warning (15610): No output dependent on input pin "sw[1]"
    Warning (15610): No output dependent on input pin "sw[2]"
    Warning (15610): No output dependent on input pin "sw[3]"
    Warning (15610): No output dependent on input pin "sw[4]"
    Warning (15610): No output dependent on input pin "sw[5]"
    Warning (15610): No output dependent on input pin "sw[6]"
    Warning (15610): No output dependent on input pin "sw[7]"
    Warning (15610): No output dependent on input pin "sw[8]"
    Warning (15610): No output dependent on input pin "sw[9]"
    Warning (15610): No output dependent on input pin "sw[10]"
    Warning (15610): No output dependent on input pin "sw[11]"
    Warning (15610): No output dependent on input pin "sw[12]"
    Warning (15610): No output dependent on input pin "sw[13]"
    Warning (15610): No output dependent on input pin "sw[14]"
    Warning (15610): No output dependent on input pin "sw[15]"
    Warning (15610): No output dependent on input pin "button_next"
    Warning (15610): No output dependent on input pin "button_clr"
    Warning (15610): No output dependent on input pin "button_run"
    Warning (15610): No output dependent on input pin "button_hlt"
Info: Implemented 49 device resources after synthesis - the final resource count might be different
    Info: Implemented 23 input pins
    Info: Implemented 26 output pins
Info: Quartus II 64-Bit Partition Merge was successful. 0 errors, 22 warnings
    Info: Peak virtual memory: 4501 megabytes
    Info: Processing ended: Sun Dec 26 11:46:18 2021
    Info: Elapsed time: 00:00:01
    Info: Total CPU time (on all processors): 00:00:01


